// Jest Snapshot v1, https://goo.gl/fbAQLP

exports[`LoginPage renders correctly 1`] = `
<DocumentFragment>
  <div>
    <h2
      class="login-header"
    >
      Login Page
    </h2>
  </div>
</DocumentFragment>
`;
