// Jest Snapshot v1, https://goo.gl/fbAQLP

exports[`HomePage renders correctly 1`] = `
<DocumentFragment>
  <div>
    <h2
      class="map-header"
    >
      Tram Map Page
    </h2>
  </div>
</DocumentFragment>
`;
